23:35:09 INFO drp.data.loader: flood onsets: 89 (4.94 per region-year)
23:35:09 INFO drp.data.loader: landslide onsets: 72 (4.00 per region-year)
23:35:09 INFO drp.pipeline: == data acquisition & integration done in 2.1s
23:35:10 INFO drp.preprocessing: Preprocessing: out-of-bounds={'rainfall_mm': 157, 'temperature_c': 149, 'humidity_pct': 157, 'wind_speed_ms': 157, 'soil_moisture': 157, 'river_level_m': 0, 'ndvi': 157} spikes={'temperature_c': 5, 'humidity_pct': 0, 'river_level_m': 156, 'wind_speed_ms': 0}
23:35:10 INFO drp.pipeline: == preprocessing done in 0.7s
23:35:11 INFO drp.pipeline: == exploratory analysis done in 1.3s
23:35:13 INFO drp.validation: Validation passed (153216 rows, 62 features)
23:35:14 INFO drp.pipeline: == feature engineering & validation done in 2.7s
23:35:18 INFO drp.pipeline: == train logistic_regression done in 4.1s
23:35:23 INFO drp.pipeline: == train random_forest done in 4.7s
23:35:31 INFO drp.pipeline: == train xgboost done in 8.9s
23:35:39 INFO drp.pipeline: == train lightgbm done in 7.5s
23:35:45 INFO drp.models.sequence: LSTM epoch 1: loss=0.7386 val mean PR-AUC=0.0466 (4s)
23:35:48 INFO drp.models.sequence: LSTM epoch 2: loss=0.3569 val mean PR-AUC=0.0539 (3s)
23:35:52 INFO drp.pipeline: == train lstm done in 13.0s
23:35:58 INFO drp.models.sequence: GRU epoch 1: loss=0.6677 val mean PR-AUC=0.0766 (6s)
23:36:03 INFO drp.models.sequence: GRU epoch 2: loss=0.3544 val mean PR-AUC=0.1022 (5s)
23:36:08 INFO drp.pipeline: == train gru done in 16.5s
23:36:14 INFO drp.pipeline: == evaluation done in 6.0s
23:36:19 INFO drp.pipeline: == figures done in 4.6s
23:36:20 INFO drp.pipeline: All outputs written to C:\Users\rachi\disaster-risk-prediction\outputs_quick
