23:36:49 INFO drp.data.loader: flood onsets: 211 (3.01 per region-year)
23:36:49 INFO drp.data.loader: landslide onsets: 176 (2.51 per region-year)
23:36:49 INFO drp.pipeline: == data acquisition & integration done in 4.6s
23:36:52 INFO drp.preprocessing: Preprocessing: out-of-bounds={'rainfall_mm': 613, 'temperature_c': 593, 'humidity_pct': 613, 'wind_speed_ms': 613, 'soil_moisture': 613, 'river_level_m': 0, 'ndvi': 613} spikes={'temperature_c': 13, 'humidity_pct': 0, 'river_level_m': 604, 'wind_speed_ms': 0}
23:36:52 INFO drp.pipeline: == preprocessing done in 2.6s
23:36:53 INFO drp.pipeline: == exploratory analysis done in 1.4s
23:36:59 INFO drp.validation: Validation passed (603456 rows, 62 features)
23:37:00 INFO drp.pipeline: == feature engineering & validation done in 6.9s
23:37:23 INFO drp.pipeline: == train logistic_regression done in 23.3s
23:38:17 INFO drp.pipeline: == train random_forest done in 53.3s
23:38:41 INFO drp.pipeline: == train xgboost done in 24.2s
23:38:58 INFO drp.pipeline: == train lightgbm done in 17.3s
23:39:39 INFO drp.models.sequence: LSTM epoch 1: loss=0.1971 val mean PR-AUC=0.1546 (38s)
23:40:23 INFO drp.models.sequence: LSTM epoch 2: loss=0.0944 val mean PR-AUC=0.1245 (44s)
23:41:15 INFO drp.models.sequence: LSTM epoch 3: loss=0.0798 val mean PR-AUC=0.1419 (52s)
23:42:01 INFO drp.models.sequence: LSTM epoch 4: loss=0.0675 val mean PR-AUC=0.1127 (46s)
23:42:25 INFO drp.pipeline: == train lstm done in 206.4s
23:43:49 INFO drp.models.sequence: GRU epoch 1: loss=0.1953 val mean PR-AUC=0.1353 (84s)
23:45:14 INFO drp.models.sequence: GRU epoch 2: loss=0.0970 val mean PR-AUC=0.1475 (85s)
23:47:01 INFO drp.models.sequence: GRU epoch 3: loss=0.0846 val mean PR-AUC=0.1499 (107s)
23:48:46 INFO drp.models.sequence: GRU epoch 4: loss=0.0755 val mean PR-AUC=0.1440 (106s)
23:50:32 INFO drp.models.sequence: GRU epoch 5: loss=0.0684 val mean PR-AUC=0.1186 (106s)
23:53:36 INFO drp.models.sequence: GRU epoch 6: loss=0.0620 val mean PR-AUC=0.1301 (184s)
23:54:57 INFO drp.pipeline: == train gru done in 752.8s
23:55:13 INFO drp.pipeline: == evaluation done in 15.3s
23:55:18 INFO drp.pipeline: == figures done in 4.9s
23:55:19 INFO drp.pipeline: All outputs written to C:\Users\rachi\disaster-risk-prediction\outputs
